// Jest Snapshot v1, https://goo.gl/fbAQLP

exports[`Tabs Snapshot Tests should render without throwing errors 1`] = `
<body>
  <div>
    <div
      class="bds-c-tabs"
      id="tabs"
    >
      <div
        class="bds-c-tabs__container"
        data-testid="tabs__tabs-container"
      >
        <ul
          aria-orientation="horizontal"
          class="bds-c-tabs__list"
          id="tabs__tablist"
          role="tablist"
        >
          <li
            class="bds-c-tab"
            id="tabs__tab-0"
            role="presentation"
          >
            <button
              aria-labelledby="tabs__tab-0-label"
              aria-selected="false"
              role="tab"
              tabindex="-1"
            >
              <span
                class="bds-c-tab__label"
                id="tabs__tab-0-label"
              >
                Tab
              </span>
            </button>
          </li>
          <li
            class="bds-c-tab is-selected"
            id="tabs__tab-1"
            role="presentation"
          >
            <button
              aria-labelledby="tabs__tab-1-label"
              aria-selected="true"
              role="tab"
            >
              <span
                class="bds-c-tab__label"
                id="tabs__tab-1-label"
              >
                Selected Tab
              </span>
            </button>
          </li>
          <li
            class="bds-c-tab bds-is-disabled"
            id="tabs__tab-2"
            role="presentation"
          >
            <button
              aria-labelledby="tabs__tab-2-label"
              aria-selected="false"
              disabled=""
              role="tab"
              tabindex="-1"
            >
              <span
                class="bds-c-tab__label"
                id="tabs__tab-2-label"
              >
                Disabled Tab
              </span>
            </button>
          </li>
          <li
            class="bds-c-tab"
            id="tabs__tab-3"
            role="presentation"
          >
            <button
              aria-labelledby="tabs__tab-3-label"
              aria-selected="false"
              role="tab"
              tabindex="-1"
            >
              <div
                class="bds-c-tab__icon"
              >
                <svg
                  height="24"
                  viewBox="0 0 24 24"
                  width="24"
                  xmlns="http://www.w3.org/2000/svg"
                >
                  <path
                    clip-rule="evenodd"
                    d="M18.3384 4.43834C21.1017 5.75361 22.3527 9.19469 21.1327 12.1242C19.5851 15.3674 16.697 17.9595 12.4684 19.9005C12.2142 20.0143 11.925 20.0305 11.6609 19.9491L11.5307 19.9C7.30258 17.9591 4.41482 15.3671 2.86737 12.1242C1.64733 9.19469 2.89838 5.75361 5.66167 4.43834C7.55198 3.53859 9.48847 4.12319 11.0402 5.29285C11.1519 5.37698 11.2861 5.48788 11.443 5.62554L11.7293 5.88324C11.8823 6.02397 12.1176 6.02407 12.2707 5.88348L12.5865 5.60038C12.7311 5.47451 12.8557 5.37218 12.9603 5.29338C14.5155 4.12201 16.45 3.53949 18.3384 4.43834ZM17.6937 5.79274C16.5158 5.23207 15.1885 5.49301 13.8627 6.49154L13.7119 6.61193C13.5969 6.70757 13.4536 6.83367 13.2852 6.98833C13.0777 7.17884 12.7316 7.45514 12.2466 7.81724L12.2467 7.81729C12.1018 7.92549 11.9023 7.92304 11.7601 7.81131C11.3453 7.48537 11.0424 7.24931 10.8513 7.10313L10.7202 6.99308L10.5628 6.84994C10.3818 6.68743 10.2378 6.56641 10.1374 6.49069C8.81398 5.49318 7.485 5.23172 6.30633 5.79274C4.27543 6.75941 3.33513 9.34576 4.22115 11.4782C5.55607 14.2758 8.04261 16.5647 11.7406 18.3415L12 18.463L12.2586 18.3419C15.82 16.631 18.257 14.4472 19.5981 11.8491L19.748 11.5475C20.6363 9.41456 19.7816 6.92068 17.8809 5.88805L17.6937 5.79274Z"
                    fill-rule="evenodd"
                  />
                </svg>
              </div>
              <span
                class="bds-c-tab__label"
                id="tabs__tab-3-label"
              >
                Tab with Icon
              </span>
            </button>
          </li>
          <li
            class="bds-c-tab is-selected"
            id="tabs__tab-4"
            role="presentation"
          >
            <button
              aria-labelledby="tabs__tab-4-label"
              aria-selected="true"
              role="tab"
            >
              <div
                class="bds-c-tab__icon"
              >
                <svg
                  height="24"
                  viewBox="0 0 24 24"
                  width="24"
                  xmlns="http://www.w3.org/2000/svg"
                >
                  <path
                    clip-rule="evenodd"
                    d="M18.3384 4.43834C21.1017 5.75361 22.3527 9.19469 21.1327 12.1242C19.5851 15.3674 16.697 17.9595 12.4684 19.9005C12.2142 20.0143 11.925 20.0305 11.6609 19.9491L11.5307 19.9C7.30258 17.9591 4.41482 15.3671 2.86737 12.1242C1.64733 9.19469 2.89838 5.75361 5.66167 4.43834C7.55198 3.53859 9.48847 4.12319 11.0402 5.29285C11.1519 5.37698 11.2861 5.48788 11.443 5.62554L11.7293 5.88324C11.8823 6.02397 12.1176 6.02407 12.2707 5.88348L12.5865 5.60038C12.7311 5.47451 12.8557 5.37218 12.9603 5.29338C14.5155 4.12201 16.45 3.53949 18.3384 4.43834ZM17.6937 5.79274C16.5158 5.23207 15.1885 5.49301 13.8627 6.49154L13.7119 6.61193C13.5969 6.70757 13.4536 6.83367 13.2852 6.98833C13.0777 7.17884 12.7316 7.45514 12.2466 7.81724L12.2467 7.81729C12.1018 7.92549 11.9023 7.92304 11.7601 7.81131C11.3453 7.48537 11.0424 7.24931 10.8513 7.10313L10.7202 6.99308L10.5628 6.84994C10.3818 6.68743 10.2378 6.56641 10.1374 6.49069C8.81398 5.49318 7.485 5.23172 6.30633 5.79274C4.27543 6.75941 3.33513 9.34576 4.22115 11.4782C5.55607 14.2758 8.04261 16.5647 11.7406 18.3415L12 18.463L12.2586 18.3419C15.82 16.631 18.257 14.4472 19.5981 11.8491L19.748 11.5475C20.6363 9.41456 19.7816 6.92068 17.8809 5.88805L17.6937 5.79274Z"
                    fill-rule="evenodd"
                  />
                </svg>
              </div>
              <span
                class="bds-c-tab__label"
                id="tabs__tab-4-label"
              >
                Selected Tab with Icon
              </span>
            </button>
          </li>
          <li
            class="bds-c-tab bds-is-disabled"
            id="tabs__tab-5"
            role="presentation"
          >
            <button
              aria-labelledby="tabs__tab-5-label"
              aria-selected="false"
              disabled=""
              role="tab"
              tabindex="-1"
            >
              <div
                class="bds-c-tab__icon"
              >
                <svg
                  height="24"
                  viewBox="0 0 24 24"
                  width="24"
                  xmlns="http://www.w3.org/2000/svg"
                >
                  <path
                    clip-rule="evenodd"
                    d="M18.3384 4.43834C21.1017 5.75361 22.3527 9.19469 21.1327 12.1242C19.5851 15.3674 16.697 17.9595 12.4684 19.9005C12.2142 20.0143 11.925 20.0305 11.6609 19.9491L11.5307 19.9C7.30258 17.9591 4.41482 15.3671 2.86737 12.1242C1.64733 9.19469 2.89838 5.75361 5.66167 4.43834C7.55198 3.53859 9.48847 4.12319 11.0402 5.29285C11.1519 5.37698 11.2861 5.48788 11.443 5.62554L11.7293 5.88324C11.8823 6.02397 12.1176 6.02407 12.2707 5.88348L12.5865 5.60038C12.7311 5.47451 12.8557 5.37218 12.9603 5.29338C14.5155 4.12201 16.45 3.53949 18.3384 4.43834ZM17.6937 5.79274C16.5158 5.23207 15.1885 5.49301 13.8627 6.49154L13.7119 6.61193C13.5969 6.70757 13.4536 6.83367 13.2852 6.98833C13.0777 7.17884 12.7316 7.45514 12.2466 7.81724L12.2467 7.81729C12.1018 7.92549 11.9023 7.92304 11.7601 7.81131C11.3453 7.48537 11.0424 7.24931 10.8513 7.10313L10.7202 6.99308L10.5628 6.84994C10.3818 6.68743 10.2378 6.56641 10.1374 6.49069C8.81398 5.49318 7.485 5.23172 6.30633 5.79274C4.27543 6.75941 3.33513 9.34576 4.22115 11.4782C5.55607 14.2758 8.04261 16.5647 11.7406 18.3415L12 18.463L12.2586 18.3419C15.82 16.631 18.257 14.4472 19.5981 11.8491L19.748 11.5475C20.6363 9.41456 19.7816 6.92068 17.8809 5.88805L17.6937 5.79274Z"
                    fill-rule="evenodd"
                  />
                </svg>
              </div>
              <span
                class="bds-c-tab__label"
                id="tabs__tab-5-label"
              >
                Disabled Tab with Icon
              </span>
            </button>
          </li>
        </ul>
      </div>
    </div>
  </div>
</body>
`;

exports[`Tabs Snapshot Tests when hasBottomBorder is true 1`] = `
<body>
  <div>
    <div
      class="bds-c-tabs bds-c-tabs--has-bottom-border"
      id="tabs"
    >
      <div
        class="bds-c-tabs__container"
        data-testid="tabs__tabs-container"
      >
        <ul
          aria-orientation="horizontal"
          class="bds-c-tabs__list"
          id="tabs__tablist"
          role="tablist"
        >
          <li
            class="bds-c-tab"
            id="tabs__tab-0"
            role="presentation"
          >
            <button
              aria-labelledby="tabs__tab-0-label"
              aria-selected="false"
              role="tab"
              tabindex="-1"
            >
              <span
                class="bds-c-tab__label"
                id="tabs__tab-0-label"
              >
                Tab
              </span>
            </button>
          </li>
          <li
            class="bds-c-tab is-selected"
            id="tabs__tab-1"
            role="presentation"
          >
            <button
              aria-labelledby="tabs__tab-1-label"
              aria-selected="true"
              role="tab"
            >
              <span
                class="bds-c-tab__label"
                id="tabs__tab-1-label"
              >
                Selected Tab
              </span>
            </button>
          </li>
          <li
            class="bds-c-tab bds-is-disabled"
            id="tabs__tab-2"
            role="presentation"
          >
            <button
              aria-labelledby="tabs__tab-2-label"
              aria-selected="false"
              disabled=""
              role="tab"
              tabindex="-1"
            >
              <span
                class="bds-c-tab__label"
                id="tabs__tab-2-label"
              >
                Disabled Tab
              </span>
            </button>
          </li>
          <li
            class="bds-c-tab"
            id="tabs__tab-3"
            role="presentation"
          >
            <button
              aria-labelledby="tabs__tab-3-label"
              aria-selected="false"
              role="tab"
              tabindex="-1"
            >
              <div
                class="bds-c-tab__icon"
              >
                <svg
                  height="24"
                  viewBox="0 0 24 24"
                  width="24"
                  xmlns="http://www.w3.org/2000/svg"
                >
                  <path
                    clip-rule="evenodd"
                    d="M18.3384 4.43834C21.1017 5.75361 22.3527 9.19469 21.1327 12.1242C19.5851 15.3674 16.697 17.9595 12.4684 19.9005C12.2142 20.0143 11.925 20.0305 11.6609 19.9491L11.5307 19.9C7.30258 17.9591 4.41482 15.3671 2.86737 12.1242C1.64733 9.19469 2.89838 5.75361 5.66167 4.43834C7.55198 3.53859 9.48847 4.12319 11.0402 5.29285C11.1519 5.37698 11.2861 5.48788 11.443 5.62554L11.7293 5.88324C11.8823 6.02397 12.1176 6.02407 12.2707 5.88348L12.5865 5.60038C12.7311 5.47451 12.8557 5.37218 12.9603 5.29338C14.5155 4.12201 16.45 3.53949 18.3384 4.43834ZM17.6937 5.79274C16.5158 5.23207 15.1885 5.49301 13.8627 6.49154L13.7119 6.61193C13.5969 6.70757 13.4536 6.83367 13.2852 6.98833C13.0777 7.17884 12.7316 7.45514 12.2466 7.81724L12.2467 7.81729C12.1018 7.92549 11.9023 7.92304 11.7601 7.81131C11.3453 7.48537 11.0424 7.24931 10.8513 7.10313L10.7202 6.99308L10.5628 6.84994C10.3818 6.68743 10.2378 6.56641 10.1374 6.49069C8.81398 5.49318 7.485 5.23172 6.30633 5.79274C4.27543 6.75941 3.33513 9.34576 4.22115 11.4782C5.55607 14.2758 8.04261 16.5647 11.7406 18.3415L12 18.463L12.2586 18.3419C15.82 16.631 18.257 14.4472 19.5981 11.8491L19.748 11.5475C20.6363 9.41456 19.7816 6.92068 17.8809 5.88805L17.6937 5.79274Z"
                    fill-rule="evenodd"
                  />
                </svg>
              </div>
              <span
                class="bds-c-tab__label"
                id="tabs__tab-3-label"
              >
                Tab with Icon
              </span>
            </button>
          </li>
          <li
            class="bds-c-tab is-selected"
            id="tabs__tab-4"
            role="presentation"
          >
            <button
              aria-labelledby="tabs__tab-4-label"
              aria-selected="true"
              role="tab"
            >
              <div
                class="bds-c-tab__icon"
              >
                <svg
                  height="24"
                  viewBox="0 0 24 24"
                  width="24"
                  xmlns="http://www.w3.org/2000/svg"
                >
                  <path
                    clip-rule="evenodd"
                    d="M18.3384 4.43834C21.1017 5.75361 22.3527 9.19469 21.1327 12.1242C19.5851 15.3674 16.697 17.9595 12.4684 19.9005C12.2142 20.0143 11.925 20.0305 11.6609 19.9491L11.5307 19.9C7.30258 17.9591 4.41482 15.3671 2.86737 12.1242C1.64733 9.19469 2.89838 5.75361 5.66167 4.43834C7.55198 3.53859 9.48847 4.12319 11.0402 5.29285C11.1519 5.37698 11.2861 5.48788 11.443 5.62554L11.7293 5.88324C11.8823 6.02397 12.1176 6.02407 12.2707 5.88348L12.5865 5.60038C12.7311 5.47451 12.8557 5.37218 12.9603 5.29338C14.5155 4.12201 16.45 3.53949 18.3384 4.43834ZM17.6937 5.79274C16.5158 5.23207 15.1885 5.49301 13.8627 6.49154L13.7119 6.61193C13.5969 6.70757 13.4536 6.83367 13.2852 6.98833C13.0777 7.17884 12.7316 7.45514 12.2466 7.81724L12.2467 7.81729C12.1018 7.92549 11.9023 7.92304 11.7601 7.81131C11.3453 7.48537 11.0424 7.24931 10.8513 7.10313L10.7202 6.99308L10.5628 6.84994C10.3818 6.68743 10.2378 6.56641 10.1374 6.49069C8.81398 5.49318 7.485 5.23172 6.30633 5.79274C4.27543 6.75941 3.33513 9.34576 4.22115 11.4782C5.55607 14.2758 8.04261 16.5647 11.7406 18.3415L12 18.463L12.2586 18.3419C15.82 16.631 18.257 14.4472 19.5981 11.8491L19.748 11.5475C20.6363 9.41456 19.7816 6.92068 17.8809 5.88805L17.6937 5.79274Z"
                    fill-rule="evenodd"
                  />
                </svg>
              </div>
              <span
                class="bds-c-tab__label"
                id="tabs__tab-4-label"
              >
                Selected Tab with Icon
              </span>
            </button>
          </li>
          <li
            class="bds-c-tab bds-is-disabled"
            id="tabs__tab-5"
            role="presentation"
          >
            <button
              aria-labelledby="tabs__tab-5-label"
              aria-selected="false"
              disabled=""
              role="tab"
              tabindex="-1"
            >
              <div
                class="bds-c-tab__icon"
              >
                <svg
                  height="24"
                  viewBox="0 0 24 24"
                  width="24"
                  xmlns="http://www.w3.org/2000/svg"
                >
                  <path
                    clip-rule="evenodd"
                    d="M18.3384 4.43834C21.1017 5.75361 22.3527 9.19469 21.1327 12.1242C19.5851 15.3674 16.697 17.9595 12.4684 19.9005C12.2142 20.0143 11.925 20.0305 11.6609 19.9491L11.5307 19.9C7.30258 17.9591 4.41482 15.3671 2.86737 12.1242C1.64733 9.19469 2.89838 5.75361 5.66167 4.43834C7.55198 3.53859 9.48847 4.12319 11.0402 5.29285C11.1519 5.37698 11.2861 5.48788 11.443 5.62554L11.7293 5.88324C11.8823 6.02397 12.1176 6.02407 12.2707 5.88348L12.5865 5.60038C12.7311 5.47451 12.8557 5.37218 12.9603 5.29338C14.5155 4.12201 16.45 3.53949 18.3384 4.43834ZM17.6937 5.79274C16.5158 5.23207 15.1885 5.49301 13.8627 6.49154L13.7119 6.61193C13.5969 6.70757 13.4536 6.83367 13.2852 6.98833C13.0777 7.17884 12.7316 7.45514 12.2466 7.81724L12.2467 7.81729C12.1018 7.92549 11.9023 7.92304 11.7601 7.81131C11.3453 7.48537 11.0424 7.24931 10.8513 7.10313L10.7202 6.99308L10.5628 6.84994C10.3818 6.68743 10.2378 6.56641 10.1374 6.49069C8.81398 5.49318 7.485 5.23172 6.30633 5.79274C4.27543 6.75941 3.33513 9.34576 4.22115 11.4782C5.55607 14.2758 8.04261 16.5647 11.7406 18.3415L12 18.463L12.2586 18.3419C15.82 16.631 18.257 14.4472 19.5981 11.8491L19.748 11.5475C20.6363 9.41456 19.7816 6.92068 17.8809 5.88805L17.6937 5.79274Z"
                    fill-rule="evenodd"
                  />
                </svg>
              </div>
              <span
                class="bds-c-tab__label"
                id="tabs__tab-5-label"
              >
                Disabled Tab with Icon
              </span>
            </button>
          </li>
        </ul>
      </div>
    </div>
  </div>
</body>
`;

exports[`Tabs Snapshot Tests when isCentered is true 1`] = `
<body>
  <div>
    <div
      class="bds-c-tabs bds-c-tabs--is-centered"
      id="tabs"
    >
      <div
        class="bds-c-tabs__container"
        data-testid="tabs__tabs-container"
      >
        <ul
          aria-orientation="horizontal"
          class="bds-c-tabs__list"
          id="tabs__tablist"
          role="tablist"
        >
          <li
            class="bds-c-tab"
            id="tabs__tab-0"
            role="presentation"
          >
            <button
              aria-labelledby="tabs__tab-0-label"
              aria-selected="false"
              role="tab"
              tabindex="-1"
            >
              <span
                class="bds-c-tab__label"
                id="tabs__tab-0-label"
              >
                Tab
              </span>
            </button>
          </li>
          <li
            class="bds-c-tab is-selected"
            id="tabs__tab-1"
            role="presentation"
          >
            <button
              aria-labelledby="tabs__tab-1-label"
              aria-selected="true"
              role="tab"
            >
              <span
                class="bds-c-tab__label"
                id="tabs__tab-1-label"
              >
                Selected Tab
              </span>
            </button>
          </li>
          <li
            class="bds-c-tab bds-is-disabled"
            id="tabs__tab-2"
            role="presentation"
          >
            <button
              aria-labelledby="tabs__tab-2-label"
              aria-selected="false"
              disabled=""
              role="tab"
              tabindex="-1"
            >
              <span
                class="bds-c-tab__label"
                id="tabs__tab-2-label"
              >
                Disabled Tab
              </span>
            </button>
          </li>
          <li
            class="bds-c-tab"
            id="tabs__tab-3"
            role="presentation"
          >
            <button
              aria-labelledby="tabs__tab-3-label"
              aria-selected="false"
              role="tab"
              tabindex="-1"
            >
              <div
                class="bds-c-tab__icon"
              >
                <svg
                  height="24"
                  viewBox="0 0 24 24"
                  width="24"
                  xmlns="http://www.w3.org/2000/svg"
                >
                  <path
                    clip-rule="evenodd"
                    d="M18.3384 4.43834C21.1017 5.75361 22.3527 9.19469 21.1327 12.1242C19.5851 15.3674 16.697 17.9595 12.4684 19.9005C12.2142 20.0143 11.925 20.0305 11.6609 19.9491L11.5307 19.9C7.30258 17.9591 4.41482 15.3671 2.86737 12.1242C1.64733 9.19469 2.89838 5.75361 5.66167 4.43834C7.55198 3.53859 9.48847 4.12319 11.0402 5.29285C11.1519 5.37698 11.2861 5.48788 11.443 5.62554L11.7293 5.88324C11.8823 6.02397 12.1176 6.02407 12.2707 5.88348L12.5865 5.60038C12.7311 5.47451 12.8557 5.37218 12.9603 5.29338C14.5155 4.12201 16.45 3.53949 18.3384 4.43834ZM17.6937 5.79274C16.5158 5.23207 15.1885 5.49301 13.8627 6.49154L13.7119 6.61193C13.5969 6.70757 13.4536 6.83367 13.2852 6.98833C13.0777 7.17884 12.7316 7.45514 12.2466 7.81724L12.2467 7.81729C12.1018 7.92549 11.9023 7.92304 11.7601 7.81131C11.3453 7.48537 11.0424 7.24931 10.8513 7.10313L10.7202 6.99308L10.5628 6.84994C10.3818 6.68743 10.2378 6.56641 10.1374 6.49069C8.81398 5.49318 7.485 5.23172 6.30633 5.79274C4.27543 6.75941 3.33513 9.34576 4.22115 11.4782C5.55607 14.2758 8.04261 16.5647 11.7406 18.3415L12 18.463L12.2586 18.3419C15.82 16.631 18.257 14.4472 19.5981 11.8491L19.748 11.5475C20.6363 9.41456 19.7816 6.92068 17.8809 5.88805L17.6937 5.79274Z"
                    fill-rule="evenodd"
                  />
                </svg>
              </div>
              <span
                class="bds-c-tab__label"
                id="tabs__tab-3-label"
              >
                Tab with Icon
              </span>
            </button>
          </li>
          <li
            class="bds-c-tab is-selected"
            id="tabs__tab-4"
            role="presentation"
          >
            <button
              aria-labelledby="tabs__tab-4-label"
              aria-selected="true"
              role="tab"
            >
              <div
                class="bds-c-tab__icon"
              >
                <svg
                  height="24"
                  viewBox="0 0 24 24"
                  width="24"
                  xmlns="http://www.w3.org/2000/svg"
                >
                  <path
                    clip-rule="evenodd"
                    d="M18.3384 4.43834C21.1017 5.75361 22.3527 9.19469 21.1327 12.1242C19.5851 15.3674 16.697 17.9595 12.4684 19.9005C12.2142 20.0143 11.925 20.0305 11.6609 19.9491L11.5307 19.9C7.30258 17.9591 4.41482 15.3671 2.86737 12.1242C1.64733 9.19469 2.89838 5.75361 5.66167 4.43834C7.55198 3.53859 9.48847 4.12319 11.0402 5.29285C11.1519 5.37698 11.2861 5.48788 11.443 5.62554L11.7293 5.88324C11.8823 6.02397 12.1176 6.02407 12.2707 5.88348L12.5865 5.60038C12.7311 5.47451 12.8557 5.37218 12.9603 5.29338C14.5155 4.12201 16.45 3.53949 18.3384 4.43834ZM17.6937 5.79274C16.5158 5.23207 15.1885 5.49301 13.8627 6.49154L13.7119 6.61193C13.5969 6.70757 13.4536 6.83367 13.2852 6.98833C13.0777 7.17884 12.7316 7.45514 12.2466 7.81724L12.2467 7.81729C12.1018 7.92549 11.9023 7.92304 11.7601 7.81131C11.3453 7.48537 11.0424 7.24931 10.8513 7.10313L10.7202 6.99308L10.5628 6.84994C10.3818 6.68743 10.2378 6.56641 10.1374 6.49069C8.81398 5.49318 7.485 5.23172 6.30633 5.79274C4.27543 6.75941 3.33513 9.34576 4.22115 11.4782C5.55607 14.2758 8.04261 16.5647 11.7406 18.3415L12 18.463L12.2586 18.3419C15.82 16.631 18.257 14.4472 19.5981 11.8491L19.748 11.5475C20.6363 9.41456 19.7816 6.92068 17.8809 5.88805L17.6937 5.79274Z"
                    fill-rule="evenodd"
                  />
                </svg>
              </div>
              <span
                class="bds-c-tab__label"
                id="tabs__tab-4-label"
              >
                Selected Tab with Icon
              </span>
            </button>
          </li>
          <li
            class="bds-c-tab bds-is-disabled"
            id="tabs__tab-5"
            role="presentation"
          >
            <button
              aria-labelledby="tabs__tab-5-label"
              aria-selected="false"
              disabled=""
              role="tab"
              tabindex="-1"
            >
              <div
                class="bds-c-tab__icon"
              >
                <svg
                  height="24"
                  viewBox="0 0 24 24"
                  width="24"
                  xmlns="http://www.w3.org/2000/svg"
                >
                  <path
                    clip-rule="evenodd"
                    d="M18.3384 4.43834C21.1017 5.75361 22.3527 9.19469 21.1327 12.1242C19.5851 15.3674 16.697 17.9595 12.4684 19.9005C12.2142 20.0143 11.925 20.0305 11.6609 19.9491L11.5307 19.9C7.30258 17.9591 4.41482 15.3671 2.86737 12.1242C1.64733 9.19469 2.89838 5.75361 5.66167 4.43834C7.55198 3.53859 9.48847 4.12319 11.0402 5.29285C11.1519 5.37698 11.2861 5.48788 11.443 5.62554L11.7293 5.88324C11.8823 6.02397 12.1176 6.02407 12.2707 5.88348L12.5865 5.60038C12.7311 5.47451 12.8557 5.37218 12.9603 5.29338C14.5155 4.12201 16.45 3.53949 18.3384 4.43834ZM17.6937 5.79274C16.5158 5.23207 15.1885 5.49301 13.8627 6.49154L13.7119 6.61193C13.5969 6.70757 13.4536 6.83367 13.2852 6.98833C13.0777 7.17884 12.7316 7.45514 12.2466 7.81724L12.2467 7.81729C12.1018 7.92549 11.9023 7.92304 11.7601 7.81131C11.3453 7.48537 11.0424 7.24931 10.8513 7.10313L10.7202 6.99308L10.5628 6.84994C10.3818 6.68743 10.2378 6.56641 10.1374 6.49069C8.81398 5.49318 7.485 5.23172 6.30633 5.79274C4.27543 6.75941 3.33513 9.34576 4.22115 11.4782C5.55607 14.2758 8.04261 16.5647 11.7406 18.3415L12 18.463L12.2586 18.3419C15.82 16.631 18.257 14.4472 19.5981 11.8491L19.748 11.5475C20.6363 9.41456 19.7816 6.92068 17.8809 5.88805L17.6937 5.79274Z"
                    fill-rule="evenodd"
                  />
                </svg>
              </div>
              <span
                class="bds-c-tab__label"
                id="tabs__tab-5-label"
              >
                Disabled Tab with Icon
              </span>
            </button>
          </li>
        </ul>
      </div>
    </div>
  </div>
</body>
`;

exports[`Tabs Snapshot Tests when isFullWidth is true 1`] = `
<body>
  <div>
    <div
      class="bds-c-tabs bds-c-tabs--is-full-width"
      id="tabs"
    >
      <div
        class="bds-c-tabs__container"
        data-testid="tabs__tabs-container"
      >
        <ul
          aria-orientation="horizontal"
          class="bds-c-tabs__list"
          id="tabs__tablist"
          role="tablist"
        >
          <li
            class="bds-c-tab"
            id="tabs__tab-0"
            role="presentation"
          >
            <button
              aria-labelledby="tabs__tab-0-label"
              aria-selected="false"
              role="tab"
              tabindex="-1"
            >
              <span
                class="bds-c-tab__label"
                id="tabs__tab-0-label"
              >
                Tab
              </span>
            </button>
          </li>
          <li
            class="bds-c-tab is-selected"
            id="tabs__tab-1"
            role="presentation"
          >
            <button
              aria-labelledby="tabs__tab-1-label"
              aria-selected="true"
              role="tab"
            >
              <span
                class="bds-c-tab__label"
                id="tabs__tab-1-label"
              >
                Selected Tab
              </span>
            </button>
          </li>
          <li
            class="bds-c-tab bds-is-disabled"
            id="tabs__tab-2"
            role="presentation"
          >
            <button
              aria-labelledby="tabs__tab-2-label"
              aria-selected="false"
              disabled=""
              role="tab"
              tabindex="-1"
            >
              <span
                class="bds-c-tab__label"
                id="tabs__tab-2-label"
              >
                Disabled Tab
              </span>
            </button>
          </li>
          <li
            class="bds-c-tab"
            id="tabs__tab-3"
            role="presentation"
          >
            <button
              aria-labelledby="tabs__tab-3-label"
              aria-selected="false"
              role="tab"
              tabindex="-1"
            >
              <div
                class="bds-c-tab__icon"
              >
                <svg
                  height="24"
                  viewBox="0 0 24 24"
                  width="24"
                  xmlns="http://www.w3.org/2000/svg"
                >
                  <path
                    clip-rule="evenodd"
                    d="M18.3384 4.43834C21.1017 5.75361 22.3527 9.19469 21.1327 12.1242C19.5851 15.3674 16.697 17.9595 12.4684 19.9005C12.2142 20.0143 11.925 20.0305 11.6609 19.9491L11.5307 19.9C7.30258 17.9591 4.41482 15.3671 2.86737 12.1242C1.64733 9.19469 2.89838 5.75361 5.66167 4.43834C7.55198 3.53859 9.48847 4.12319 11.0402 5.29285C11.1519 5.37698 11.2861 5.48788 11.443 5.62554L11.7293 5.88324C11.8823 6.02397 12.1176 6.02407 12.2707 5.88348L12.5865 5.60038C12.7311 5.47451 12.8557 5.37218 12.9603 5.29338C14.5155 4.12201 16.45 3.53949 18.3384 4.43834ZM17.6937 5.79274C16.5158 5.23207 15.1885 5.49301 13.8627 6.49154L13.7119 6.61193C13.5969 6.70757 13.4536 6.83367 13.2852 6.98833C13.0777 7.17884 12.7316 7.45514 12.2466 7.81724L12.2467 7.81729C12.1018 7.92549 11.9023 7.92304 11.7601 7.81131C11.3453 7.48537 11.0424 7.24931 10.8513 7.10313L10.7202 6.99308L10.5628 6.84994C10.3818 6.68743 10.2378 6.56641 10.1374 6.49069C8.81398 5.49318 7.485 5.23172 6.30633 5.79274C4.27543 6.75941 3.33513 9.34576 4.22115 11.4782C5.55607 14.2758 8.04261 16.5647 11.7406 18.3415L12 18.463L12.2586 18.3419C15.82 16.631 18.257 14.4472 19.5981 11.8491L19.748 11.5475C20.6363 9.41456 19.7816 6.92068 17.8809 5.88805L17.6937 5.79274Z"
                    fill-rule="evenodd"
                  />
                </svg>
              </div>
              <span
                class="bds-c-tab__label"
                id="tabs__tab-3-label"
              >
                Tab with Icon
              </span>
            </button>
          </li>
          <li
            class="bds-c-tab is-selected"
            id="tabs__tab-4"
            role="presentation"
          >
            <button
              aria-labelledby="tabs__tab-4-label"
              aria-selected="true"
              role="tab"
            >
              <div
                class="bds-c-tab__icon"
              >
                <svg
                  height="24"
                  viewBox="0 0 24 24"
                  width="24"
                  xmlns="http://www.w3.org/2000/svg"
                >
                  <path
                    clip-rule="evenodd"
                    d="M18.3384 4.43834C21.1017 5.75361 22.3527 9.19469 21.1327 12.1242C19.5851 15.3674 16.697 17.9595 12.4684 19.9005C12.2142 20.0143 11.925 20.0305 11.6609 19.9491L11.5307 19.9C7.30258 17.9591 4.41482 15.3671 2.86737 12.1242C1.64733 9.19469 2.89838 5.75361 5.66167 4.43834C7.55198 3.53859 9.48847 4.12319 11.0402 5.29285C11.1519 5.37698 11.2861 5.48788 11.443 5.62554L11.7293 5.88324C11.8823 6.02397 12.1176 6.02407 12.2707 5.88348L12.5865 5.60038C12.7311 5.47451 12.8557 5.37218 12.9603 5.29338C14.5155 4.12201 16.45 3.53949 18.3384 4.43834ZM17.6937 5.79274C16.5158 5.23207 15.1885 5.49301 13.8627 6.49154L13.7119 6.61193C13.5969 6.70757 13.4536 6.83367 13.2852 6.98833C13.0777 7.17884 12.7316 7.45514 12.2466 7.81724L12.2467 7.81729C12.1018 7.92549 11.9023 7.92304 11.7601 7.81131C11.3453 7.48537 11.0424 7.24931 10.8513 7.10313L10.7202 6.99308L10.5628 6.84994C10.3818 6.68743 10.2378 6.56641 10.1374 6.49069C8.81398 5.49318 7.485 5.23172 6.30633 5.79274C4.27543 6.75941 3.33513 9.34576 4.22115 11.4782C5.55607 14.2758 8.04261 16.5647 11.7406 18.3415L12 18.463L12.2586 18.3419C15.82 16.631 18.257 14.4472 19.5981 11.8491L19.748 11.5475C20.6363 9.41456 19.7816 6.92068 17.8809 5.88805L17.6937 5.79274Z"
                    fill-rule="evenodd"
                  />
                </svg>
              </div>
              <span
                class="bds-c-tab__label"
                id="tabs__tab-4-label"
              >
                Selected Tab with Icon
              </span>
            </button>
          </li>
          <li
            class="bds-c-tab bds-is-disabled"
            id="tabs__tab-5"
            role="presentation"
          >
            <button
              aria-labelledby="tabs__tab-5-label"
              aria-selected="false"
              disabled=""
              role="tab"
              tabindex="-1"
            >
              <div
                class="bds-c-tab__icon"
              >
                <svg
                  height="24"
                  viewBox="0 0 24 24"
                  width="24"
                  xmlns="http://www.w3.org/2000/svg"
                >
                  <path
                    clip-rule="evenodd"
                    d="M18.3384 4.43834C21.1017 5.75361 22.3527 9.19469 21.1327 12.1242C19.5851 15.3674 16.697 17.9595 12.4684 19.9005C12.2142 20.0143 11.925 20.0305 11.6609 19.9491L11.5307 19.9C7.30258 17.9591 4.41482 15.3671 2.86737 12.1242C1.64733 9.19469 2.89838 5.75361 5.66167 4.43834C7.55198 3.53859 9.48847 4.12319 11.0402 5.29285C11.1519 5.37698 11.2861 5.48788 11.443 5.62554L11.7293 5.88324C11.8823 6.02397 12.1176 6.02407 12.2707 5.88348L12.5865 5.60038C12.7311 5.47451 12.8557 5.37218 12.9603 5.29338C14.5155 4.12201 16.45 3.53949 18.3384 4.43834ZM17.6937 5.79274C16.5158 5.23207 15.1885 5.49301 13.8627 6.49154L13.7119 6.61193C13.5969 6.70757 13.4536 6.83367 13.2852 6.98833C13.0777 7.17884 12.7316 7.45514 12.2466 7.81724L12.2467 7.81729C12.1018 7.92549 11.9023 7.92304 11.7601 7.81131C11.3453 7.48537 11.0424 7.24931 10.8513 7.10313L10.7202 6.99308L10.5628 6.84994C10.3818 6.68743 10.2378 6.56641 10.1374 6.49069C8.81398 5.49318 7.485 5.23172 6.30633 5.79274C4.27543 6.75941 3.33513 9.34576 4.22115 11.4782C5.55607 14.2758 8.04261 16.5647 11.7406 18.3415L12 18.463L12.2586 18.3419C15.82 16.631 18.257 14.4472 19.5981 11.8491L19.748 11.5475C20.6363 9.41456 19.7816 6.92068 17.8809 5.88805L17.6937 5.79274Z"
                    fill-rule="evenodd"
                  />
                </svg>
              </div>
              <span
                class="bds-c-tab__label"
                id="tabs__tab-5-label"
              >
                Disabled Tab with Icon
              </span>
            </button>
          </li>
        </ul>
      </div>
    </div>
  </div>
</body>
`;
